[
  {
    "id": "@null@",
    "name": "@string@",
    "price": "@double@",
    "ingredients": "@array@"
  },
  {
    "id": "@null@",
    "name": "@string@",
    "price": "@double@",
    "ingredients": "@array@"
  }
]